1|https://example.com|Example Domain
2|https://quotes.toscrape.com|Quotes to Scrape
3|https://books.toscrape.com|All products | Books to Scrape - Sandbox
4|https://quotes.toscrape.com/login|Quotes to Scrape
5|https://iana.org/domains/example|Example Domains
6|https://quotes.toscrape.com/author/albert-einstein|Quotes to Scrape
7|https://quotes.toscrape.com/tag/change/page/1|Quotes to Scrape
8|https://quotes.toscrape.com/tag/deep-thoughts/page/1|Quotes to Scrape
9|https://quotes.toscrape.com/tag/thinking/page/1|Quotes to Scrape
10|https://quotes.toscrape.com/tag/world/page/1|Quotes to Scrape
11|https://quotes.toscrape.com/author/j-k-rowling|Quotes to Scrape
12|https://quotes.toscrape.com/tag/abilities/page/1|Quotes to Scrape
13|https://quotes.toscrape.com/tag/choices/page/1|Quotes to Scrape
14|https://quotes.toscrape.com/tag/inspirational/page/1|Quotes to Scrape
15|https://quotes.toscrape.com/tag/life/page/1|Quotes to Scrape
16|https://quotes.toscrape.com/tag/live/page/1|Quotes to Scrape
17|https://quotes.toscrape.com/tag/miracle/page/1|Quotes to Scrape
18|https://quotes.toscrape.com/tag/miracles/page/1|Quotes to Scrape
19|https://quotes.toscrape.com/author/jane-austen|Quotes to Scrape
20|https://quotes.toscrape.com/tag/aliteracy/page/1|Quotes to Scrape
21|https://quotes.toscrape.com/tag/books/page/1|Quotes to Scrape
22|https://quotes.toscrape.com/tag/classic/page/1|Quotes to Scrape
23|https://quotes.toscrape.com/tag/humor/page/1|Quotes to Scrape
24|https://quotes.toscrape.com/author/marilyn-monroe|Quotes to Scrape
25|https://quotes.toscrape.com/tag/be-yourself/page/1|Quotes to Scrape
26|https://quotes.toscrape.com/tag/adulthood/page/1|Quotes to Scrape
27|https://quotes.toscrape.com/tag/success/page/1|Quotes to Scrape
28|https://quotes.toscrape.com/tag/value/page/1|Quotes to Scrape
29|https://quotes.toscrape.com/author/andre-gide|Quotes to Scrape
30|https://quotes.toscrape.com/tag/love/page/1|Quotes to Scrape
31|https://quotes.toscrape.com/author/thomas-a-edison|Quotes to Scrape
32|https://quotes.toscrape.com/tag/edison/page/1|Quotes to Scrape
33|https://quotes.toscrape.com/tag/failure/page/1|Quotes to Scrape
34|https://quotes.toscrape.com/tag/paraphrased/page/1|Quotes to Scrape
35|https://quotes.toscrape.com/author/eleanor-roosevelt|Quotes to Scrape
36|https://quotes.toscrape.com/tag/misattributed-eleanor-roosevelt/page/1|Quotes to Scrape
37|https://quotes.toscrape.com/tag/obvious/page/1|Quotes to Scrape
38|https://quotes.toscrape.com/author/steve-martin|Quotes to Scrape
39|https://quotes.toscrape.com/tag/simile/page/1|Quotes to Scrape
40|https://quotes.toscrape.com/page/2|Quotes to Scrape
41|https://quotes.toscrape.com/tag/love|Quotes to Scrape
42|https://quotes.toscrape.com/tag/inspirational|Quotes to Scrape
43|https://quotes.toscrape.com/tag/life|Quotes to Scrape
44|https://quotes.toscrape.com/tag/humor|Quotes to Scrape
45|https://quotes.toscrape.com/tag/books|Quotes to Scrape
46|https://quotes.toscrape.com/tag/reading|Quotes to Scrape
47|https://quotes.toscrape.com/tag/friendship|Quotes to Scrape
48|https://quotes.toscrape.com/tag/friends|Quotes to Scrape
49|https://quotes.toscrape.com/tag/truth|Quotes to Scrape
50|https://quotes.toscrape.com/tag/simile|Quotes to Scrape
